top-copper parsed 238692 objects
top-copper done 28.74 seconds
bottom-copper parsed 611263 objects
xy 0.0 0.0
xy 0.0 0.0
xy 0.0 0.0
xy 0.0 0.0
xy 0.0 0.0
xy 0.0 0.0
xy 0.0 0.0
xy 0.0 0.0
xy 0.0 0.0
xy 0.0 0.0
xy 0.0 0.0
xy 0.0 0.0
xy 0.0 0.0
xy 0.0 0.0
xy 0.0 0.0
xy 0.0 0.0
xy 0.0 0.0
xy 0.0 0.0
xy 0.0 0.0
xy 0.0 0.0
xy 0.0 0.0
xy 0.0 0.0
xy 0.0 0.0
xy 0.0 0.0
xy 0.0 0.0
xy 0.0 0.0
xy 0.0 0.0
xy 0.0 0.0
xy 0.0 0.0
xy 0.0 0.0
xy 0.0 0.0
xy 0.0 0.0
xy 0.0 0.0
xy 0.0 0.0
xy 0.0 0.0
xy 0.0 0.0
xy 0.0 0.0
xy 0.0 0.0
xy 0.0 0.0
xy 0.0 0.0
xy 0.0 0.0
xy 0.0 0.0
xy 0.0 0.0
xy 0.0 0.0
xy 0.0 0.0
xy 0.0 0.0
xy 0.0 0.0
xy 0.0 0.0
xy 0.0 0.0
xy 0.0 0.0
xy 0.0 0.0
bottom-copper done 55.25 seconds
top-mask-openings parsed 73811 objects
top-mask-openings done 10.12 seconds
bottom-mask-openings parsed 49265 objects
xy 0.0 0.0
xy 0.0 0.0
xy 0.0 0.0
xy 0.0 0.0
xy 0.0 0.0
xy 0.0 0.0
xy 0.0 0.0
xy 0.0 0.0
xy 0.0 0.0
xy 0.0 0.0
xy 0.0 0.0
xy 0.0 0.0
xy 0.0 0.0
xy 0.0 0.0
xy 0.0 0.0
xy 0.0 0.0
xy 0.0 0.0
xy 0.0 0.0
xy 0.0 0.0
xy 0.0 0.0
xy 0.0 0.0
xy 0.0 0.0
xy 0.0 0.0
xy 0.0 0.0
xy 0.0 0.0
xy 0.0 0.0
xy 0.0 0.0
xy 0.0 0.0
xy 0.0 0.0
xy 0.0 0.0
xy 0.0 0.0
xy 0.0 0.0
xy 0.0 0.0
xy 0.0 0.0
xy 0.0 0.0
xy 0.0 0.0
xy 0.0 0.0
xy 0.0 0.0
xy 0.0 0.0
xy 0.0 0.0
xy 0.0 0.0
xy 0.0 0.0
xy 0.0 0.0
xy 0.0 0.0
xy 0.0 0.0
xy 0.0 0.0
xy 0.0 0.0
xy 0.0 0.0
xy 0.0 0.0
xy 0.0 0.0
xy 0.0 0.0
xy 0.0 0.0
xy 0.0 0.0
xy 0.0 0.0
xy 0.0 0.0
xy 0.0 0.0
xy 0.0 0.0
xy 0.0 0.0
xy 0.0 0.0
xy 0.0 0.0
xy 0.0 0.0
xy 0.0 0.0
xy 0.0 0.0
xy 0.0 0.0
xy 0.0 0.0
xy 0.0 0.0
xy 0.0 0.0
xy 0.0 0.0
xy 0.0 0.0
xy 0.0 0.0
xy 0.0 0.0
xy 0.0 0.0
xy 0.0 0.0
xy 0.0 0.0
xy 0.0 0.0
xy 0.0 0.0
xy 0.0 0.0
xy 0.0 0.0
xy 0.0 0.0
xy 0.0 0.0
xy 0.0 0.0
xy 0.0 0.0
xy 0.0 0.0
xy 0.0 0.0
xy 0.0 0.0
xy 0.0 0.0
xy 0.0 0.0
xy 0.0 0.0
xy 0.0 0.0
xy 0.0 0.0
xy 0.0 0.0
xy 0.0 0.0
xy 0.0 0.0
xy 0.0 0.0
xy 0.0 0.0
xy 0.0 0.0
xy 0.0 0.0
xy 0.0 0.0
xy 0.0 0.0
xy 0.0 0.0
xy 0.0 0.0
xy 0.0 0.0
xy 0.0 0.0
xy 0.0 0.0
xy 0.0 0.0
xy 0.0 0.0
xy 0.0 0.0
xy 0.0 0.0
xy 0.0 0.0
xy 0.0 0.0
xy 0.0 0.0
xy 0.0 0.0
xy 0.0 0.0
xy 0.0 0.0
xy 0.0 0.0
xy 0.0 0.0
xy 0.0 0.0
xy 0.0 0.0
xy 0.0 0.0
xy 0.0 0.0
xy 0.0 0.0
xy 0.0 0.0
xy 0.0 0.0
xy 0.0 0.0
xy 0.0 0.0
xy 0.0 0.0
xy 0.0 0.0
xy 0.0 0.0
xy 0.0 0.0
xy 0.0 0.0
xy 0.0 0.0
xy 0.0 0.0
xy 0.0 0.0
xy 0.0 0.0
xy 0.0 0.0
xy 0.0 0.0
xy 0.0 0.0
xy 0.0 0.0
xy 0.0 0.0
xy 0.0 0.0
xy 0.0 0.0
xy 0.0 0.0
xy 0.0 0.0
xy 0.0 0.0
xy 0.0 0.0
xy 0.0 0.0
xy 0.0 0.0
xy 0.0 0.0
xy 0.0 0.0
xy 0.0 0.0
xy 0.0 0.0
xy 0.0 0.0
xy 0.0 0.0
xy 0.0 0.0
xy 0.0 0.0
xy 0.0 0.0
xy 0.0 0.0
xy 0.0 0.0
xy 0.0 0.0
xy 0.0 0.0
xy 0.0 0.0
xy 0.0 0.0
xy 0.0 0.0
xy 0.0 0.0
xy 0.0 0.0
xy 0.0 0.0
xy 0.0 0.0
xy 0.0 0.0
xy 0.0 0.0
xy 0.0 0.0
xy 0.0 0.0
xy 0.0 0.0
xy 0.0 0.0
xy 0.0 0.0
xy 0.0 0.0
xy 0.0 0.0
xy 0.0 0.0
xy 0.0 0.0
xy 0.0 0.0
xy 0.0 0.0
xy 0.0 0.0
xy 0.0 0.0
xy 0.0 0.0
xy 0.0 0.0
xy 0.0 0.0
xy 0.0 0.0
xy 0.0 0.0
xy 0.0 0.0
xy 0.0 0.0
xy 0.0 0.0
xy 0.0 0.0
xy 0.0 0.0
xy 0.0 0.0
xy 0.0 0.0
xy 0.0 0.0
xy 0.0 0.0
xy 0.0 0.0
xy 0.0 0.0
xy 0.0 0.0
xy 0.0 0.0
xy 0.0 0.0
xy 0.0 0.0
xy 0.0 0.0
xy 0.0 0.0
xy 0.0 0.0
xy 0.0 0.0
xy 0.0 0.0
xy 0.0 0.0
xy 0.0 0.0
xy 0.0 0.0
xy 0.0 0.0
xy 0.0 0.0
xy 0.0 0.0
xy 0.0 0.0
xy 0.0 0.0
xy 0.0 0.0
xy 0.0 0.0
xy 0.0 0.0
xy 0.0 0.0
xy 0.0 0.0
xy 0.0 0.0
xy 0.0 0.0
xy 0.0 0.0
xy 0.0 0.0
xy 0.0 0.0
xy 0.0 0.0
xy 0.0 0.0
xy 0.0 0.0
xy 0.0 0.0
xy 0.0 0.0
xy 0.0 0.0
xy 0.0 0.0
xy 0.0 0.0
xy 0.0 0.0
xy 0.0 0.0
xy 0.0 0.0
xy 0.0 0.0
xy 0.0 0.0
xy 0.0 0.0
xy 0.0 0.0
xy 0.0 0.0
xy 0.0 0.0
xy 0.0 0.0
xy 0.0 0.0
xy 0.0 0.0
xy 0.0 0.0
xy 0.0 0.0
xy 0.0 0.0
xy 0.0 0.0
xy 0.0 0.0
xy 0.0 0.0
xy 0.0 0.0
xy 0.0 0.0
xy 0.0 0.0
xy 0.0 0.0
xy 0.0 0.0
xy 0.0 0.0
xy 0.0 0.0
xy 0.0 0.0
xy 0.0 0.0
xy 0.0 0.0
xy 0.0 0.0
xy 0.0 0.0
xy 0.0 0.0
xy 0.0 0.0
xy 0.0 0.0
xy 0.0 0.0
xy 0.0 0.0
xy 0.0 0.0
xy 0.0 0.0
xy 0.0 0.0
xy 0.0 0.0
xy 0.0 0.0
xy 0.0 0.0
xy 0.0 0.0
xy 0.0 0.0
xy 0.0 0.0
xy 0.0 0.0
xy 0.0 0.0
xy 0.0 0.0
xy 0.0 0.0
xy 0.0 0.0
xy 0.0 0.0
xy 0.0 0.0
xy 0.0 0.0
xy 0.0 0.0
xy 0.0 0.0
xy 0.0 0.0
xy 0.0 0.0
xy 0.0 0.0
xy 0.0 0.0
xy 0.0 0.0
xy 0.0 0.0
xy 0.0 0.0
xy 0.0 0.0
xy 0.0 0.0
xy 0.0 0.0
xy 0.0 0.0
xy 0.0 0.0
xy 0.0 0.0
xy 0.0 0.0
xy 0.0 0.0
xy 0.0 0.0
xy 0.0 0.0
xy 0.0 0.0
xy 0.0 0.0
xy 0.0 0.0
xy 0.0 0.0
xy 0.0 0.0
xy 0.0 0.0
xy 0.0 0.0
xy 0.0 0.0
xy 0.0 0.0
xy 0.0 0.0
xy 0.0 0.0
xy 0.0 0.0
xy 0.0 0.0
xy 0.0 0.0
xy 0.0 0.0
xy 0.0 0.0
xy 0.0 0.0
xy 0.0 0.0
xy 0.0 0.0
xy 0.0 0.0
xy 0.0 0.0
xy 0.0 0.0
xy 0.0 0.0
xy 0.0 0.0
xy 0.0 0.0
xy 0.0 0.0
xy 0.0 0.0
xy 0.0 0.0
xy 0.0 0.0
xy 0.0 0.0
xy 0.0 0.0
xy 0.0 0.0
xy 0.0 0.0
xy 0.0 0.0
xy 0.0 0.0
xy 0.0 0.0
xy 0.0 0.0
xy 0.0 0.0
xy 0.0 0.0
xy 0.0 0.0
xy 0.0 0.0
xy 0.0 0.0
xy 0.0 0.0
xy 0.0 0.0
xy 0.0 0.0
xy 0.0 0.0
xy 0.0 0.0
xy 0.0 0.0
xy 0.0 0.0
xy 0.0 0.0
xy 0.0 0.0
xy 0.0 0.0
xy 0.0 0.0
xy 0.0 0.0
xy 0.0 0.0
xy 0.0 0.0
xy 0.0 0.0
xy 0.0 0.0
xy 0.0 0.0
xy 0.0 0.0
xy 0.0 0.0
xy 0.0 0.0
xy 0.0 0.0
xy 0.0 0.0
xy 0.0 0.0
xy 0.0 0.0
xy 0.0 0.0
xy 0.0 0.0
xy 0.0 0.0
xy 0.0 0.0
xy 0.0 0.0
xy 0.0 0.0
xy 0.0 0.0
xy 0.0 0.0
xy 0.0 0.0
xy 0.0 0.0
xy 0.0 0.0
xy 0.0 0.0
xy 0.0 0.0
xy 0.0 0.0
xy 0.0 0.0
xy 0.0 0.0
xy 0.0 0.0
xy 0.0 0.0
xy 0.0 0.0
xy 0.0 0.0
xy 0.0 0.0
xy 0.0 0.0
xy 0.0 0.0
xy 0.0 0.0
xy 0.0 0.0
xy 0.0 0.0
xy 0.0 0.0
xy 0.0 0.0
xy 0.0 0.0
xy 0.0 0.0
xy 0.0 0.0
xy 0.0 0.0
xy 0.0 0.0
xy 0.0 0.0
xy 0.0 0.0
xy 0.0 0.0
xy 0.0 0.0
xy 0.0 0.0
xy 0.0 0.0
xy 0.0 0.0
xy 0.0 0.0
xy 0.0 0.0
xy 0.0 0.0
xy 0.0 0.0
xy 0.0 0.0
xy 0.0 0.0
xy 0.0 0.0
xy 0.0 0.0
xy 0.0 0.0
xy 0.0 0.0
xy 0.0 0.0
xy 0.0 0.0
xy 0.0 0.0
xy 0.0 0.0
xy 0.0 0.0
xy 0.0 0.0
xy 0.0 0.0
xy 0.0 0.0
xy 0.0 0.0
xy 0.0 0.0
xy 0.0 0.0
xy 0.0 0.0
xy 0.0 0.0
xy 0.0 0.0
xy 0.0 0.0
xy 0.0 0.0
xy 0.0 0.0
xy 0.0 0.0
xy 0.0 0.0
xy 0.0 0.0
xy 0.0 0.0
xy 0.0 0.0
xy 0.0 0.0
xy 0.0 0.0
xy 0.0 0.0
bottom-mask-openings done 8.07 seconds
top-silkscreen parsed 320281 objects
top-silkscreen done 16.79 seconds
bottom-silkscreen parsed 219853 objects
bottom-silkscreen done 11.25 seconds
complete
